// Jest Snapshot v1, https://goo.gl/fbAQLP

exports[`BreadCrumb test suite Should not render anything without categories passes 1`] = `ShallowWrapper {}`;
