// Jest Snapshot v1, https://goo.gl/fbAQLP

exports[`Loading test suite Should loading match Snapshot 1`] = `ShallowWrapper {}`;
