// Jest Snapshot v1, https://goo.gl/fbAQLP

exports[`PriceLabel test suite Should loading match Snapshot 1`] = `ShallowWrapper {}`;
